--- ≡ƒº¬ Eduyogi Manual Verification ---
1. Checking Health Endpoint...
   Result: {"status":"ok"}

2. Testing Chat API (OpenAI Integration)...
   Γ¥î FAILED!
   Error: AI service error
